// Jest Snapshot v1, https://goo.gl/fbAQLP

exports[`Home screen render home screen 1`] = `
<RCTSafeAreaView
  emulateUnlessSupported={true}
  style={
    Object {
      "backgroundColor": "#1d1e28",
      "flex": 1,
    }
  }
>
  <View
    style={
      Object {
        "backgroundColor": "#393e42",
        "borderBottomColor": "#000",
        "borderBottomWidth": 1,
        "borderTopColor": "#000",
        "borderTopWidth": 1,
        "padding": 8,
      }
    }
  >
    <View
      style={
        Object {
          "paddingHorizontal": 0,
          "width": "100%",
        }
      }
    >
      <View
        style={
          Object {
            "alignItems": "center",
            "backgroundColor": "#303337",
            "borderBottomWidth": 0,
            "borderColor": "#86939e",
            "borderRadius": 3,
            "flexDirection": "row",
            "minHeight": 30,
            "overflow": "hidden",
            "transform": Array [
              Object {
                "translateX": 0,
              },
            ],
          }
        }
      >
        <View
          style={
            Object {
              "alignItems": "center",
              "height": 40,
              "justifyContent": "center",
              "marginLeft": 8,
            }
          }
        >
          <View>
            <View
              style={
                Object {
                  "alignItems": "center",
                  "backgroundColor": "transparent",
                  "justifyContent": "center",
                }
              }
              theme={
                Object {
                  "colors": Object {
                    "disabled": "hsl(208, 8%, 90%)",
                    "divider": "#bcbbc1",
                    "error": "#ff190c",
                    "grey0": "#393e42",
                    "grey1": "#43484d",
                    "grey2": "#5e6977",
                    "grey3": "#86939e",
                    "grey4": "#bdc6cf",
                    "grey5": "#e1e8ee",
                    "greyOutline": "#bbb",
                    "platform": Object {
                      "android": Object {
                        "error": "#f44336",
                        "primary": "#2196f3",
                        "secondary": "#9C27B0",
                        "success": "#4caf50",
                        "warning": "#ffeb3b",
                      },
                      "ios": Object {
                        "error": "#ff3b30",
                        "primary": "#007aff",
                        "secondary": "#5856d6",
                        "success": "#4cd964",
                        "warning": "#ffcc00",
                      },
                    },
                    "primary": "#2089dc",
                    "searchBg": "#303337",
                    "secondary": "#8F0CE8",
                    "success": "#52c41a",
                    "warning": "#faad14",
                  },
                }
              }
              underlayColor="white"
            >
              <Text
                allowFontScaling={false}
                style={
                  Array [
                    Object {
                      "color": "#86939e",
                      "fontSize": 18,
                    },
                    Object {
                      "backgroundColor": "transparent",
                    },
                    Object {
                      "fontFamily": "Material Icons",
                      "fontStyle": "normal",
                      "fontWeight": "normal",
                    },
                    Object {},
                  ]
                }
                testID="iconIcon"
              >
                î¢¶
              </Text>
            </View>
          </View>
        </View>
        <TextInput
          allowFontScaling={true}
          editable={true}
          onBlur={[Function]}
          onChangeText={[Function]}
          onFocus={[Function]}
          placeholder="Type Here..."
          placeholderTextColor="#86939e"
          platform="default"
          rejectResponderTermination={true}
          style={
            Object {
              "alignSelf": "center",
              "color": "#86939e",
              "flex": 1,
              "fontSize": 18,
              "marginLeft": 10,
              "minHeight": 40,
            }
          }
          testID="searchInput"
          underlineColorAndroid="transparent"
          value=""
        />
        <View
          style={
            Object {
              "alignItems": "center",
              "height": 40,
              "justifyContent": "center",
              "marginLeft": 15,
              "marginRight": 8,
            }
          }
        >
          <View
            style={
              Object {
                "flexDirection": "row",
              }
            }
          />
        </View>
      </View>
    </View>
  </View>
  <RCTScrollView>
    <View>
      <Text
        style={
          Array [
            Object {
              "color": "#FFFFFF",
              "fontSize": 21,
              "marginLeft": 18,
            },
          ]
        }
      >
        Movies on Theatre
      </Text>
      <RCTScrollView
        disableVirtualization={false}
        getItem={[Function]}
        getItemCount={[Function]}
        horizontal={true}
        initialNumToRender={10}
        keyExtractor={[Function]}
        maxToRenderPerBatch={10}
        onContentSizeChange={[Function]}
        onEndReachedThreshold={2}
        onLayout={[Function]}
        onMomentumScrollEnd={[Function]}
        onScroll={[Function]}
        onScrollBeginDrag={[Function]}
        onScrollEndDrag={[Function]}
        removeClippedSubviews={false}
        renderItem={[Function]}
        scrollEventThrottle={50}
        showsHorizontalScrollIndicator={false}
        stickyHeaderIndices={Array []}
        updateCellsBatchingPeriod={50}
        viewabilityConfigCallbackPairs={Array []}
        windowSize={21}
      >
        <View />
      </RCTScrollView>
      <Text
        style={
          Array [
            Object {
              "color": "#FFFFFF",
              "fontSize": 21,
              "marginLeft": 18,
            },
          ]
        }
      >
        Coming Soon
      </Text>
      <RCTScrollView
        disableVirtualization={false}
        getItem={[Function]}
        getItemCount={[Function]}
        horizontal={true}
        initialNumToRender={10}
        keyExtractor={[Function]}
        maxToRenderPerBatch={10}
        onContentSizeChange={[Function]}
        onEndReachedThreshold={2}
        onLayout={[Function]}
        onMomentumScrollEnd={[Function]}
        onScroll={[Function]}
        onScrollBeginDrag={[Function]}
        onScrollEndDrag={[Function]}
        removeClippedSubviews={false}
        renderItem={[Function]}
        scrollEventThrottle={50}
        showsHorizontalScrollIndicator={false}
        stickyHeaderIndices={Array []}
        updateCellsBatchingPeriod={50}
        viewabilityConfigCallbackPairs={Array []}
        windowSize={21}
      >
        <View />
      </RCTScrollView>
      <RCTScrollView
        disableVirtualization={false}
        getItem={[Function]}
        getItemCount={[Function]}
        horizontal={true}
        initialNumToRender={10}
        keyExtractor={[Function]}
        maxToRenderPerBatch={10}
        onContentSizeChange={[Function]}
        onEndReachedThreshold={2}
        onLayout={[Function]}
        onMomentumScrollEnd={[Function]}
        onScroll={[Function]}
        onScrollBeginDrag={[Function]}
        onScrollEndDrag={[Function]}
        removeClippedSubviews={false}
        renderItem={[Function]}
        scrollEventThrottle={50}
        showsHorizontalScrollIndicator={false}
        stickyHeaderIndices={Array []}
        updateCellsBatchingPeriod={50}
        viewabilityConfigCallbackPairs={Array []}
        windowSize={21}
      >
        <View />
      </RCTScrollView>
    </View>
  </RCTScrollView>
</RCTSafeAreaView>
`;

exports[`Home screen render movies list 1`] = `
<RCTScrollView
  disableVirtualization={false}
  getItem={[Function]}
  getItemCount={[Function]}
  horizontal={true}
  initialNumToRender={10}
  keyExtractor={[Function]}
  maxToRenderPerBatch={10}
  onContentSizeChange={[Function]}
  onEndReachedThreshold={2}
  onLayout={[Function]}
  onMomentumScrollEnd={[Function]}
  onScroll={[Function]}
  onScrollBeginDrag={[Function]}
  onScrollEndDrag={[Function]}
  removeClippedSubviews={false}
  renderItem={[Function]}
  scrollEventThrottle={50}
  showsHorizontalScrollIndicator={false}
  stickyHeaderIndices={Array []}
  updateCellsBatchingPeriod={50}
  viewabilityConfigCallbackPairs={Array []}
  windowSize={21}
>
  <View />
</RCTScrollView>
`;
